// Jest Snapshot v1, https://goo.gl/fbAQLP

exports[`should render ExpenseDashboardPage correctly 1`] = `
<div>
  <Connect(ExpenseListFilters) />
  <Connect(ExpenseList) />
</div>
`;

exports[`should render Header correctly 1`] = `
<header>
  <h1>
    Expensify
  </h1>
  <ul>
    <li>
      <NavLink
        activeClassName="is-active"
        aria-current="page"
        exact={true}
        to="/"
      >
        Dashboard
      </NavLink>
    </li>
    <li>
      <NavLink
        activeClassName="is-active"
        aria-current="page"
        to="/create"
      >
        Create expense
      </NavLink>
    </li>
    <li>
      <NavLink
        activeClassName="is-active"
        aria-current="page"
        to="/help"
      >
        Help
      </NavLink>
    </li>
  </ul>
</header>
`;
